test_contract_matrix_classifies_required_outcomes (contract.test_adapter_contract_matrix.AdapterContractMatrixTests.test_contract_matrix_classifies_required_outcomes) ... ok
test_manifest_declares_supported_failure_modes_in_matrix (contract.test_adapter_contract_matrix.AdapterContractMatrixTests.test_manifest_declares_supported_failure_modes_in_matrix) ... ok
test_manifest_matrix_rejects_unsupported_modes_and_capabilities (contract.test_adapter_contract_matrix.AdapterContractMatrixTests.test_manifest_matrix_rejects_unsupported_modes_and_capabilities) ... ok
test_unknown_failure_mode_is_rejected_by_matrix_validation (contract.test_adapter_contract_matrix.AdapterContractMatrixTests.test_unknown_failure_mode_is_rejected_by_matrix_validation) ... ok
test_duplicate_adapter_run_id_is_rejected_even_when_materialized_row_drifted (contract.test_adapter_invocation_ledger.AdapterInvocationLedgerTests.test_duplicate_adapter_run_id_is_rejected_even_when_materialized_row_drifted) ... ok
test_failed_ledger_materialization_rolls_back_event (contract.test_adapter_invocation_ledger.AdapterInvocationLedgerTests.test_failed_ledger_materialization_rolls_back_event) ... ok
test_invocation_is_idempotent_duplicate_safe_replayable_and_auditable (contract.test_adapter_invocation_ledger.AdapterInvocationLedgerTests.test_invocation_is_idempotent_duplicate_safe_replayable_and_auditable) ... ok
test_records_invocation_with_required_ledger_fields (contract.test_adapter_invocation_ledger.AdapterInvocationLedgerTests.test_records_invocation_with_required_ledger_fields) ... ok
test_adapter_manifest_requires_mvp_fields (contract.test_adapter_skeleton.AdapterSkeletonTests.test_adapter_manifest_requires_mvp_fields) ... ok
test_mock_adapter_success_is_not_production_evidence (contract.test_adapter_skeleton.AdapterSkeletonTests.test_mock_adapter_success_is_not_production_evidence) ... ok
test_output_envelope_rejects_direct_state_mutation (contract.test_adapter_skeleton.AdapterSkeletonTests.test_output_envelope_rejects_direct_state_mutation) ... ok
test_browser_functional_evidence_rejects_missing_assertions (contract.test_browser_evidence_contract.BrowserEvidenceContractTests.test_browser_functional_evidence_rejects_missing_assertions) ... ok
test_browser_functional_evidence_requires_complete_contract_record (contract.test_browser_evidence_contract.BrowserEvidenceContractTests.test_browser_functional_evidence_requires_complete_contract_record) ... ok
test_policy_declares_v02_challenge_triggers_and_required_artifacts (contract.test_challenge_gate_applicability.ChallengeGateApplicabilityTests.test_policy_declares_v02_challenge_triggers_and_required_artifacts) ... ok
test_triggered_request_passes_when_required_review_and_decision_record_exist (contract.test_challenge_gate_applicability.ChallengeGateApplicabilityTests.test_triggered_request_passes_when_required_review_and_decision_record_exist) ... ok
test_triggered_request_without_challenge_review_blocks_with_gate_result_metadata (contract.test_challenge_gate_applicability.ChallengeGateApplicabilityTests.test_triggered_request_without_challenge_review_blocks_with_gate_result_metadata) ... ok
test_challenge_independent_review_and_adjudication_are_recorded (contract.test_challenge_review_adjudication.ChallengeReviewAdjudicationTests.test_challenge_independent_review_and_adjudication_are_recorded) ... ok
test_challenge_lifecycle_rejects_missing_order_and_invalid_follow_up (contract.test_challenge_review_adjudication.ChallengeReviewAdjudicationTests.test_challenge_lifecycle_rejects_missing_order_and_invalid_follow_up) ... ok
test_fp07_events_replay_and_audit (contract.test_challenge_review_adjudication.ChallengeReviewAdjudicationTests.test_fp07_events_replay_and_audit) ... ok
test_pass_with_unresolved_major_blocks (contract.test_challenge_review_blocks_unresolved_major.ChallengeReviewBlocksUnresolvedMajorTests.test_pass_with_unresolved_major_blocks) ... ok
test_missing_review_report_blocks (contract.test_challenge_review_evidence_required.ChallengeReviewEvidenceRequiredTests.test_missing_review_report_blocks) ... ok
test_repository_challenge_review_evidence_set_passes (contract.test_challenge_review_evidence_required.ChallengeReviewEvidenceRequiredTests.test_repository_challenge_review_evidence_set_passes) ... ok
test_valid_review_report_passes (contract.test_challenge_review_evidence_required.ChallengeReviewEvidenceRequiredTests.test_valid_review_report_passes) ... ok
test_more_than_three_review_loops_blocks (contract.test_challenge_review_loop_limit.ChallengeReviewLoopLimitTests.test_more_than_three_review_loops_blocks) ... ok
test_p0_exception_request_requires_challenge_gate_before_closeout (contract.test_challenge_review_required_for_p0_exception.ChallengeReviewRequiredForP0ExceptionTests.test_p0_exception_request_requires_challenge_gate_before_closeout) ... ok
test_placeholder_review_commit_blocks (contract.test_challenge_review_requires_commit_and_test_evidence.ChallengeReviewRequiresCommitAndTestEvidenceTests.test_placeholder_review_commit_blocks) ... ok
test_review_without_commit_and_test_evidence_blocks (contract.test_challenge_review_requires_commit_and_test_evidence.ChallengeReviewRequiresCommitAndTestEvidenceTests.test_review_without_commit_and_test_evidence_blocks) ... ok
test_short_review_commit_blocks (contract.test_challenge_review_requires_commit_and_test_evidence.ChallengeReviewRequiresCommitAndTestEvidenceTests.test_short_review_commit_blocks) ... ok
test_unknown_review_commit_blocks_when_git_metadata_exists (contract.test_challenge_review_requires_commit_and_test_evidence.ChallengeReviewRequiresCommitAndTestEvidenceTests.test_unknown_review_commit_blocks_when_git_metadata_exists) ... ok
test_ci_checkout_fetches_full_git_history_for_commit_evidence_validation (contract.test_ci_checkout_fetches_full_history.CiCheckoutHistoryTests.test_ci_checkout_fetches_full_git_history_for_commit_evidence_validation) ... ok
test_closeout_report_contains_v02_required_sections_and_wiki_summary (contract.test_closeout_documenter_report.CloseoutDocumenterReportTests.test_closeout_report_contains_v02_required_sections_and_wiki_summary) ... ok
test_cloud_and_device_contracts_reject_missing_required_fields (contract.test_cloud_device_adapter_contract.CloudDeviceAdapterContractTests.test_cloud_and_device_contracts_reject_missing_required_fields) ... ok
test_cloud_evidence_contract_requires_identity_and_failure_class (contract.test_cloud_device_adapter_contract.CloudDeviceAdapterContractTests.test_cloud_evidence_contract_requires_identity_and_failure_class) ... ok
test_device_evidence_contract_requires_target_and_runtime_fingerprint (contract.test_cloud_device_adapter_contract.CloudDeviceAdapterContractTests.test_device_evidence_contract_requires_target_and_runtime_fingerprint) ... ok
test_adapter_run_must_match_snapshot_permissions_and_evidence_output (contract.test_cloud_orchestration_contract.CloudOrchestrationContractTests.test_adapter_run_must_match_snapshot_permissions_and_evidence_output) ... ok
test_cloud_orchestration_cannot_bypass_packet_approval (contract.test_cloud_orchestration_contract.CloudOrchestrationContractTests.test_cloud_orchestration_cannot_bypass_packet_approval) ... ok
test_cloud_orchestration_cannot_satisfy_evidence_gate_or_closeout_by_itself (contract.test_cloud_orchestration_contract.CloudOrchestrationContractTests.test_cloud_orchestration_cannot_satisfy_evidence_gate_or_closeout_by_itself) ... ok
test_cloud_orchestration_record_contains_contract_fields (contract.test_cloud_orchestration_contract.CloudOrchestrationContractTests.test_cloud_orchestration_record_contains_contract_fields) ... ok
test_record_run_derives_approval_and_failure_diagnostics (contract.test_cloud_orchestration_contract.CloudOrchestrationContractTests.test_record_run_derives_approval_and_failure_diagnostics) ... ok
test_remote_work_requires_packet_actor_permissions_snapshot_and_evidence_output (contract.test_cloud_orchestration_contract.CloudOrchestrationContractTests.test_remote_work_requires_packet_actor_permissions_snapshot_and_evidence_output) ... ok
test_legacy_friction_record_maps_to_friction_signal (contract.test_compound_event_replay_compatibility.CompoundEventReplayCompatibilityTests.test_legacy_friction_record_maps_to_friction_signal) ... ok
test_conformance_slice_document_defines_release_boundaries (contract.test_conformance_trace_coverage.ConformanceTraceCoverageTests.test_conformance_slice_document_defines_release_boundaries) ... ok
test_final_product_workstream_codes_are_complete_and_known (contract.test_conformance_trace_coverage.ConformanceTraceCoverageTests.test_final_product_workstream_codes_are_complete_and_known) ... ok
test_high_risk_requirements_have_explicit_closure_evidence_plans (contract.test_conformance_trace_coverage.ConformanceTraceCoverageTests.test_high_risk_requirements_have_explicit_closure_evidence_plans) ... ok
test_llm_requirements_have_full_final_product_coverage (contract.test_conformance_trace_coverage.ConformanceTraceCoverageTests.test_llm_requirements_have_full_final_product_coverage) ... ok
test_trace_and_report_cover_same_260_unique_requirement_ids (contract.test_conformance_trace_coverage.ConformanceTraceCoverageTests.test_trace_and_report_cover_same_260_unique_requirement_ids) ... ok
test_unmapped_trace_rows_have_planning_resolution (contract.test_conformance_trace_coverage.ConformanceTraceCoverageTests.test_unmapped_trace_rows_have_planning_resolution) ... ok
test_context_items_are_labelled_by_authority_tier (contract.test_context_authority_labels.ContextAuthorityLabelsTests.test_context_items_are_labelled_by_authority_tier) ... ok
test_untrusted_evidence_cannot_override_policy (contract.test_context_authority_labels.ContextAuthorityLabelsTests.test_untrusted_evidence_cannot_override_policy) ... ok
test_cost_record_contains_required_fields (contract.test_cost_tracking.CostTrackingTests.test_cost_record_contains_required_fields) ... ok
test_cost_records_are_signals_and_never_suppress_required_evidence_or_gates (contract.test_cost_tracking.CostTrackingTests.test_cost_records_are_signals_and_never_suppress_required_evidence_or_gates) ... ok
test_data_bi_and_finance_profiles_are_stronger_than_base_profile (contract.test_data_bi_finance_profile.DataBiFinanceProfileTests.test_data_bi_and_finance_profiles_are_stronger_than_base_profile) ... ok
test_blocked_dependency_intake_blocks_packet_closeout (contract.test_dependency_intake_policy.DependencyIntakePolicyTests.test_blocked_dependency_intake_blocks_packet_closeout) ... ok
test_dependency_intake_records_source_license_scripts_network_trust_and_rollback (contract.test_dependency_intake_policy.DependencyIntakePolicyTests.test_dependency_intake_records_source_license_scripts_network_trust_and_rollback) ... ok
test_dependency_with_missing_rollback_path_blocks_intake (contract.test_dependency_intake_policy.DependencyIntakePolicyTests.test_dependency_with_missing_rollback_path_blocks_intake) ... ok
test_inventory_covers_readme_and_release_report_commands (contract.test_docs_command_inventory.DocsCommandInventoryTests.test_inventory_covers_readme_and_release_report_commands) ... ok
test_manual_commands_require_manual_only_reason (contract.test_docs_command_inventory.DocsCommandInventoryTests.test_manual_commands_require_manual_only_reason) ... ok
test_stale_command_documentation_blocks_release_until_refreshed_or_waived (contract.test_docs_command_inventory.DocsCommandInventoryTests.test_stale_command_documentation_blocks_release_until_refreshed_or_waived) ... ok
test_docs_only_can_record_rule_based_na (contract.test_e2e_applicability_gate.E2EApplicabilityGateTests.test_docs_only_can_record_rule_based_na) ... ok
test_ui_auth_routing_and_core_flow_changes_require_e2e (contract.test_e2e_applicability_gate.E2EApplicabilityGateTests.test_ui_auth_routing_and_core_flow_changes_require_e2e) ... ok
test_minimum_required_skills_are_traceable_to_hr_130r (contract.test_every_required_skill_has_hr_trace.EveryRequiredSkillHasHrTraceTests.test_minimum_required_skills_are_traceable_to_hr_130r) ... ok
test_evidence_registration_requires_provenance_and_allows_optional_claim (contract.test_evidence_claims.EvidenceClaimTests.test_evidence_registration_requires_provenance_and_allows_optional_claim) ... ok
test_failed_evidence_blocks_supported_claim (contract.test_evidence_claims.EvidenceClaimTests.test_failed_evidence_blocks_supported_claim) ... ok
test_supported_claim_can_link_valid_passed_evidence (contract.test_evidence_claims.EvidenceClaimTests.test_supported_claim_can_link_valid_passed_evidence) ... ok
test_supported_claim_requires_valid_evidence (contract.test_evidence_claims.EvidenceClaimTests.test_supported_claim_requires_valid_evidence) ... ok
test_existing_passed_evidence_migrates_to_manual_only_structural_statuses (contract.test_evidence_trust_migration_compatibility.EvidenceTrustMigrationCompatibilityTests.test_existing_passed_evidence_migrates_to_manual_only_structural_statuses) ... ok
test_evidence_schema_declares_trust_and_validation_status (contract.test_evidence_trust_model_v02.EvidenceTrustModelV02Tests.test_evidence_schema_declares_trust_and_validation_status) ... ok
test_harness_reproduced_evidence_can_support_closeout (contract.test_evidence_trust_model_v02.EvidenceTrustModelV02Tests.test_harness_reproduced_evidence_can_support_closeout) ... ok
test_manual_handoff_passed_evidence_is_structural_not_trusted (contract.test_evidence_trust_model_v02.EvidenceTrustModelV02Tests.test_manual_handoff_passed_evidence_is_structural_not_trusted) ... ok
test_drift_checks_work_without_advanced_git_branch_reconciliation (contract.test_filesystem_drift_minimum.FilesystemDriftMinimumTests.test_drift_checks_work_without_advanced_git_branch_reconciliation) ... ok
test_filesystem_scan_detects_modified_and_moved_registered_artifacts_from_registry_hash (contract.test_filesystem_drift_minimum.FilesystemDriftMinimumTests.test_filesystem_scan_detects_modified_and_moved_registered_artifacts_from_registry_hash) ... ok
test_filesystem_scan_reports_predeclared_generated_artifact_missing_without_hash (contract.test_filesystem_drift_minimum.FilesystemDriftMinimumTests.test_filesystem_scan_reports_predeclared_generated_artifact_missing_without_hash) ... ok
test_generated_artifact_registry_entries_are_compared_against_filesystem (contract.test_filesystem_drift_minimum.FilesystemDriftMinimumTests.test_generated_artifact_registry_entries_are_compared_against_filesystem) ... ok
test_packet_owned_files_are_checked_for_untracked_modified_deleted_and_moved (contract.test_filesystem_drift_minimum.FilesystemDriftMinimumTests.test_packet_owned_files_are_checked_for_untracked_modified_deleted_and_moved) ... ok
test_unresolved_drift_exposes_machine_readable_remediation (contract.test_filesystem_drift_minimum.FilesystemDriftMinimumTests.test_unresolved_drift_exposes_machine_readable_remediation) ... ok
test_friction_signal_from_record_matches_canonical_schema_fields (contract.test_friction_signal_schema_conformance.FrictionSignalSchemaConformanceTests.test_friction_signal_from_record_matches_canonical_schema_fields) ... ok
test_schema_allows_xp09a_remediation_targets (contract.test_friction_signal_schema_conformance.FrictionSignalSchemaConformanceTests.test_schema_allows_xp09a_remediation_targets) ... ok
test_runner_uses_verbose_unittest_discovery (contract.test_full_regression_runner_contract.FullRegressionRunnerContractTests.test_runner_uses_verbose_unittest_discovery) ... ok
test_last_test_from_verbose_unittest_output (contract.test_full_regression_runner_records_last_test.FullRegressionRunnerRecordsLastTestTests.test_last_test_from_verbose_unittest_output) ... ok
test_gate_profile_policy_covers_required_packet_types (contract.test_gate_profile_applicability.GateProfileApplicabilityTests.test_gate_profile_policy_covers_required_packet_types) ... ok
test_gate_result_records_hr191_metadata_defaults (contract.test_gate_profile_applicability.GateProfileApplicabilityTests.test_gate_result_records_hr191_metadata_defaults) ... ok
test_gate_declaration_activation_and_pass_result_are_separate_records (contract.test_gate_results.GateResultTests.test_gate_declaration_activation_and_pass_result_are_separate_records) ... ok
test_gate_result_must_reference_activated_gate (contract.test_gate_results.GateResultTests.test_gate_result_must_reference_activated_gate) ... ok
test_gate_status_cannot_use_hold (contract.test_gate_results.GateResultTests.test_gate_status_cannot_use_hold) ... ok
test_diff_outside_declared_change_zones_reports_invalid_mapping (contract.test_git_diff_boundary_validator.GitDiffBoundaryValidatorTests.test_diff_outside_declared_change_zones_reports_invalid_mapping) ... ok
test_harness_packet_can_modify_harness_policy_zone (contract.test_git_diff_boundary_validator.GitDiffBoundaryValidatorTests.test_harness_packet_can_modify_harness_policy_zone) ... ok
test_product_change_inside_declared_product_zone_passes (contract.test_git_diff_boundary_validator.GitDiffBoundaryValidatorTests.test_product_change_inside_declared_product_zone_passes) ... ok
test_product_packet_harness_diff_is_hard_fail (contract.test_git_diff_boundary_validator.GitDiffBoundaryValidatorTests.test_product_packet_harness_diff_is_hard_fail) ... ok
test_automatic_repair_rejects_unknown_approval_record (contract.test_git_reconciliation.GitReconciliationTests.test_automatic_repair_rejects_unknown_approval_record) ... ok
test_automatic_repair_requires_existing_reconciliation_scope (contract.test_git_reconciliation.GitReconciliationTests.test_automatic_repair_requires_existing_reconciliation_scope) ... ok
test_automatic_repair_requires_explicit_approval (contract.test_git_reconciliation.GitReconciliationTests.test_automatic_repair_requires_explicit_approval) ... ok
test_ignored_file_is_classified_separately (contract.test_git_reconciliation.GitReconciliationTests.test_ignored_file_is_classified_separately) ... ok
test_modified_registered_artifact_is_expected_when_evidence_exists (contract.test_git_reconciliation.GitReconciliationTests.test_modified_registered_artifact_is_expected_when_evidence_exists) ... ok
test_moved_and_deleted_artifacts_create_reconciliation_events (contract.test_git_reconciliation.GitReconciliationTests.test_moved_and_deleted_artifacts_create_reconciliation_events) ... ok
test_snapshot_records_branch_identity_and_commit (contract.test_git_reconciliation.GitReconciliationTests.test_snapshot_records_branch_identity_and_commit) ... ok
test_handoff_prompt_has_role_packet_context_and_authority_warning (contract.test_handoff_prompt_contract.HandoffPromptContractTests.test_handoff_prompt_has_role_packet_context_and_authority_warning) ... ok
test_handoff_prompt_command_is_implemented (contract.test_handoff_skill_cli_commands.HandoffSkillCliCommandTests.test_handoff_prompt_command_is_implemented) ... ok
test_skill_route_command_is_implemented (contract.test_handoff_skill_cli_commands.HandoffSkillCliCommandTests.test_skill_route_command_is_implemented) ... ok
test_invalid_signature_blocks_high_integrity_closeout (contract.test_high_integrity_signing.HighIntegritySigningTests.test_invalid_signature_blocks_high_integrity_closeout) ... ok
test_missing_signature_blocks_high_integrity_closeout (contract.test_high_integrity_signing.HighIntegritySigningTests.test_missing_signature_blocks_high_integrity_closeout) ... ok
test_prior_closeout_event_requires_signature_for_next_high_integrity_closeout (contract.test_high_integrity_signing.HighIntegritySigningTests.test_prior_closeout_event_requires_signature_for_next_high_integrity_closeout) ... ok
test_signed_event_verification_fails_for_tampered_payload (contract.test_high_integrity_signing.HighIntegritySigningTests.test_signed_event_verification_fails_for_tampered_payload) ... ok
test_signed_event_verification_passes_for_unchanged_payload (contract.test_high_integrity_signing.HighIntegritySigningTests.test_signed_event_verification_passes_for_unchanged_payload) ... ok
test_human_control_snapshot_ignores_expired_waivers_and_rejects_stale_snapshot (contract.test_human_control_snapshot.HumanControlSnapshotTests.test_human_control_snapshot_ignores_expired_waivers_and_rejects_stale_snapshot) ... ok
test_human_control_snapshot_lists_pending_approvals_non_delegable_waivers_challenges_and_blocked_gates (contract.test_human_control_snapshot.HumanControlSnapshotTests.test_human_control_snapshot_lists_pending_approvals_non_delegable_waivers_challenges_and_blocked_gates) ... ok
test_human_decision_schema_declares_required_fields (contract.test_human_decision_non_overridable_items.HumanDecisionNonOverridableItemsTests.test_human_decision_schema_declares_required_fields) ... ok
test_non_overridable_item_is_rejected_even_with_human_approval (contract.test_human_decision_non_overridable_items.HumanDecisionNonOverridableItemsTests.test_non_overridable_item_is_rejected_even_with_human_approval) ... ok
test_overridable_risk_acceptance_requires_follow_up_when_flagged (contract.test_human_decision_non_overridable_items.HumanDecisionNonOverridableItemsTests.test_overridable_risk_acceptance_requires_follow_up_when_flagged) ... ok
test_cli_help_can_be_invoked_without_installing_package (contract.test_import_smoke.ImportSmokeTests.test_cli_help_can_be_invoked_without_installing_package) ... ok
test_standard_harness_package_imports_from_src (contract.test_import_smoke.ImportSmokeTests.test_standard_harness_package_imports_from_src) ... ok
test_unknown_command_returns_structured_json_diagnostic (contract.test_import_smoke.ImportSmokeTests.test_unknown_command_returns_structured_json_diagnostic) ... ok
test_matrix_maps_inheritance_requirements_to_implementation_evidence (contract.test_inheritance_traceability_matrix.InheritanceTraceabilityMatrixTests.test_matrix_maps_inheritance_requirements_to_implementation_evidence) ... ok
test_matrix_records_every_concept_to_keep_and_pattern_to_reject (contract.test_inheritance_traceability_matrix.InheritanceTraceabilityMatrixTests.test_matrix_records_every_concept_to_keep_and_pattern_to_reject) ... ok
test_integrity_retention_and_redaction_events_replay_into_audit_snapshot (contract.test_integrity_retention_replay_audit.IntegrityRetentionReplayAuditTests.test_integrity_retention_and_redaction_events_replay_into_audit_snapshot) ... ok
test_decision_report_claims_are_structured (contract.test_llm_work_product_governance.LlmWorkProductGovernanceTests.test_decision_report_claims_are_structured) ... ok
test_llm_invalid_type_and_bogus_persisted_event_are_rejected (contract.test_llm_work_product_governance.LlmWorkProductGovernanceTests.test_llm_invalid_type_and_bogus_persisted_event_are_rejected) ... ok
test_llm_outputs_are_classified_before_influence (contract.test_llm_work_product_governance.LlmWorkProductGovernanceTests.test_llm_outputs_are_classified_before_influence) ... ok
test_default_zones_support_existing_projects_without_product_root (contract.test_logical_zone_mapping.LogicalZoneMappingTests.test_default_zones_support_existing_projects_without_product_root) ... ok
test_zone_policy_exposes_forbidden_product_write_zones (contract.test_logical_zone_mapping.LogicalZoneMappingTests.test_zone_policy_exposes_forbidden_product_write_zones) ... ok
test_manual_handoff_intake_defaults_to_manual_only_evidence (contract.test_manual_handoff_evidence_classification.ManualHandoffEvidenceClassificationTests.test_manual_handoff_intake_defaults_to_manual_only_evidence) ... ok
test_manual_runbook_and_troubleshooting_commands_are_in_inventory (contract.test_manual_runbook_command_validation.ManualRunbookCommandValidationTests.test_manual_runbook_and_troubleshooting_commands_are_in_inventory) ... ok
test_hr003_non_goals_are_hard_release_blocking_guardrails (contract.test_non_goal_guardrails.NonGoalGuardrailTests.test_hr003_non_goals_are_hard_release_blocking_guardrails) ... ok
test_operational_memory_is_derived_from_events_and_not_competing_ssot (contract.test_operational_memory.OperationalMemoryTests.test_operational_memory_is_derived_from_events_and_not_competing_ssot) ... ok
test_stale_memory_snapshot_is_rejected_when_newer_events_exist (contract.test_operational_memory.OperationalMemoryTests.test_stale_memory_snapshot_is_rejected_when_newer_events_exist) ... ok
test_create_low_risk_packet_records_required_fields (contract.test_packet_lifecycle.PacketLifecycleTests.test_create_low_risk_packet_records_required_fields) ... ok
test_lifecycle_transition_appends_event_but_closed_requires_closeout (contract.test_packet_lifecycle.PacketLifecycleTests.test_lifecycle_transition_appends_event_but_closed_requires_closeout) ... ok
test_packet_approval_persists_approval_record (contract.test_packet_lifecycle.PacketLifecycleTests.test_packet_approval_persists_approval_record) ... ok
test_pmo_projection_summary_reports_stale_current_context_when_newer_events_exist (contract.test_pmo_projection.PmoProjectionTests.test_pmo_projection_summary_reports_stale_current_context_when_newer_events_exist) ... ok
test_pmo_report_cannot_mutate_packet_state (contract.test_pmo_projection.PmoProjectionTests.test_pmo_report_cannot_mutate_packet_state) ... ok
test_pmo_report_reads_canonical_state_and_projections (contract.test_pmo_projection.PmoProjectionTests.test_pmo_report_reads_canonical_state_and_projections) ... ok
test_snapshot_reconstructs_state_at_event_sequence (contract.test_point_in_time_audit.PointInTimeAuditTests.test_snapshot_reconstructs_state_at_event_sequence) ... ok
test_active_finance_profile_blocks_closeout_without_required_human_approval (contract.test_policy_bundle_profile.PolicyBundleProfileTests.test_active_finance_profile_blocks_closeout_without_required_human_approval) ... ok
test_default_policy_bundle_version_is_recorded_when_no_bundle_is_registered (contract.test_policy_bundle_profile.PolicyBundleProfileTests.test_default_policy_bundle_version_is_recorded_when_no_bundle_is_registered) ... ok
test_finance_profile_does_not_accept_human_approval_from_another_packet (contract.test_policy_bundle_profile.PolicyBundleProfileTests.test_finance_profile_does_not_accept_human_approval_from_another_packet) ... ok
test_policy_bundle_version_is_recorded_in_readiness_and_closeout (contract.test_policy_bundle_profile.PolicyBundleProfileTests.test_policy_bundle_version_is_recorded_in_readiness_and_closeout) ... ok
test_profile_conflict_detection_blocks_incompatible_active_profiles (contract.test_policy_bundle_profile.PolicyBundleProfileTests.test_profile_conflict_detection_blocks_incompatible_active_profiles) ... ok
test_approved_requirement_with_no_supported_claim_blocks_completion (contract.test_project_completion_gate.ProjectCompletionGateTests.test_approved_requirement_with_no_supported_claim_blocks_completion) ... ok
test_closed_packet_with_supported_claim_passing_gate_and_closeout_counts_covered (contract.test_project_completion_gate.ProjectCompletionGateTests.test_closed_packet_with_supported_claim_passing_gate_and_closeout_counts_covered) ... ok
test_deferred_requirement_requires_decision_record (contract.test_project_completion_gate.ProjectCompletionGateTests.test_deferred_requirement_requires_decision_record) ... ok
test_empty_requirement_registry_unknown_classification_and_stale_closeout_block (contract.test_project_completion_gate.ProjectCompletionGateTests.test_empty_requirement_registry_unknown_classification_and_stale_closeout_block) ... ok
test_final_gate_result_idempotency_duplicate_identity_and_atomicity (contract.test_project_completion_gate.ProjectCompletionGateTests.test_final_gate_result_idempotency_duplicate_identity_and_atomicity) ... ok
test_final_gate_result_is_event_backed_replayable_and_auditable (contract.test_project_completion_gate.ProjectCompletionGateTests.test_final_gate_result_is_event_backed_replayable_and_auditable) ... ok
test_unverified_partial_and_missing_closeout_statuses_block_completion (contract.test_project_completion_gate.ProjectCompletionGateTests.test_unverified_partial_and_missing_closeout_statuses_block_completion) ... ok
test_current_context_projection_records_metadata_and_freshness (contract.test_projection_freshness.ProjectionFreshnessTests.test_current_context_projection_records_metadata_and_freshness) ... ok
test_projection_becomes_stale_after_new_event (contract.test_projection_freshness.ProjectionFreshnessTests.test_projection_becomes_stale_after_new_event) ... ok
test_readiness_blocks_when_required_packet_fields_are_empty (contract.test_readiness.ReadinessTests.test_readiness_blocks_when_required_packet_fields_are_empty) ... ok
test_readiness_holds_when_packet_approval_is_missing (contract.test_readiness.ReadinessTests.test_readiness_holds_when_packet_approval_is_missing) ... ok
test_readiness_ready_after_approval_and_required_fields (contract.test_readiness.ReadinessTests.test_readiness_ready_after_approval_and_required_fields) ... ok
test_detector_flags_repeated_friction_type (contract.test_recurring_friction_detector.RecurringFrictionDetectorTests.test_detector_flags_repeated_friction_type) ... ok
test_redaction_event_preserves_audit_trace_without_secret_value (contract.test_redaction_audit.RedactionAuditTests.test_redaction_event_preserves_audit_trace_without_secret_value) ... ok
test_core_domain_change_requires_refactor_review_result (contract.test_refactor_domain_boundary_gate.RefactorDomainBoundaryGateTests.test_core_domain_change_requires_refactor_review_result) ... ok
test_follow_up_refactor_requires_follow_up_id (contract.test_refactor_domain_boundary_gate.RefactorDomainBoundaryGateTests.test_follow_up_refactor_requires_follow_up_id) ... ok
test_no_refactor_required_passes_for_small_utility_change (contract.test_refactor_domain_boundary_gate.RefactorDomainBoundaryGateTests.test_no_refactor_required_passes_for_small_utility_change) ... ok
test_acceptance_criteria_link_requirement_and_packet (contract.test_registry_minimum.RegistryMinimumTests.test_acceptance_criteria_link_requirement_and_packet) ... ok
test_artifact_registry_records_path_owner_and_packet (contract.test_registry_minimum.RegistryMinimumTests.test_artifact_registry_records_path_owner_and_packet) ... ok
test_automated_ssot_extraction_is_not_present_in_mvp_registry (contract.test_registry_minimum.RegistryMinimumTests.test_automated_ssot_extraction_is_not_present_in_mvp_registry) ... ok
test_manual_requirement_registration_records_source_and_status (contract.test_registry_minimum.RegistryMinimumTests.test_manual_requirement_registration_records_source_and_status) ... ok
test_release_archive_contains_required_release_docs (contract.test_release_archive_contains_required_release_docs.ReleaseArchiveRequiredDocsTests.test_release_archive_contains_required_release_docs) ... ok
test_release_file_listing_excludes_runtime_cache_and_bytecode (contract.test_release_archive_excludes_untracked_temp_files.ReleaseArchiveExcludesUntrackedTempFilesTests.test_release_file_listing_excludes_runtime_cache_and_bytecode) ... ok
test_release_file_listing_uses_git_tracked_files_only (contract.test_release_archive_uses_tracked_files_only.ReleaseArchiveUsesTrackedFilesOnlyTests.test_release_file_listing_uses_git_tracked_files_only) ... ok
test_release_blocking_validators_are_reachable_from_release_validation (contract.test_release_blocking_validators_are_reachable_from_release_validation.ReleaseBlockingValidatorReachabilityTests.test_release_blocking_validators_are_reachable_from_release_validation) ... ok
test_gitattributes_normalizes_text_files (contract.test_release_packaging_hygiene.ReleasePackagingHygieneTests.test_gitattributes_normalizes_text_files) ... ok
test_gitignore_excludes_runtime_and_cache_artifacts (contract.test_release_packaging_hygiene.ReleasePackagingHygieneTests.test_gitignore_excludes_runtime_and_cache_artifacts) ... ok
test_catalog_contains_every_minimum_required_skill (contract.test_required_skill_catalog_completion.RequiredSkillCatalogCompletionTests.test_catalog_contains_every_minimum_required_skill) ... ok
test_every_cataloged_skill_has_execution_contract (contract.test_required_skill_catalog_completion.RequiredSkillCatalogCompletionTests.test_every_cataloged_skill_has_execution_contract) ... ok
test_required_skills_have_internal_registry_entries (contract.test_required_skill_implementation_registry.RequiredSkillImplementationRegistryTests.test_required_skills_have_internal_registry_entries) ... ok
test_requirement_can_be_deferred_with_decision_record (contract.test_requirement_lifecycle.RequirementLifecycleTests.test_requirement_can_be_deferred_with_decision_record) ... ok
test_requirement_registration_rejects_decision_required_status_without_decision_record (contract.test_requirement_lifecycle.RequirementLifecycleTests.test_requirement_registration_rejects_decision_required_status_without_decision_record) ... ok
test_requirement_registration_rejects_unknown_status (contract.test_requirement_lifecycle.RequirementLifecycleTests.test_requirement_registration_rejects_unknown_status) ... ok
test_requirement_transition_idempotency_does_not_create_untraced_state (contract.test_requirement_lifecycle.RequirementLifecycleTests.test_requirement_transition_idempotency_does_not_create_untraced_state) ... ok
test_requirement_transition_replays_and_audits_decision_fields (contract.test_requirement_lifecycle.RequirementLifecycleTests.test_requirement_transition_replays_and_audits_decision_fields) ... ok
test_terminal_or_scope_changing_requirement_status_requires_decision_record (contract.test_requirement_lifecycle.RequirementLifecycleTests.test_terminal_or_scope_changing_requirement_status_requires_decision_record) ... ok
test_improvement_and_starter_promotion_seed_schemas_exist_and_are_traceable (contract.test_requirements_metadata_validator.RequirementsMetadataValidatorTests.test_improvement_and_starter_promotion_seed_schemas_exist_and_are_traceable) ... ok
test_requirement_source_paths_exist (contract.test_requirements_metadata_validator.RequirementsMetadataValidatorTests.test_requirement_source_paths_exist) ... ok
test_requirement_source_paths_use_ascii_canonical_v02_file (contract.test_requirements_metadata_validator.RequirementsMetadataValidatorTests.test_requirement_source_paths_use_ascii_canonical_v02_file) ... ok
test_requirements_index_coverage_and_traceability_match_v02_hr_headings (contract.test_requirements_metadata_validator.RequirementsMetadataValidatorTests.test_requirements_index_coverage_and_traceability_match_v02_hr_headings) ... ok
test_validate_command_runs_requirements_baseline_gate (contract.test_requirements_metadata_validator.RequirementsMetadataValidatorTests.test_validate_command_runs_requirements_baseline_gate) ... ok
test_validator_fails_when_coverage_row_is_missing (contract.test_requirements_metadata_validator.RequirementsMetadataValidatorTests.test_validator_fails_when_coverage_row_is_missing) ... ok
test_validator_fails_when_hr_rows_are_duplicated (contract.test_requirements_metadata_validator.RequirementsMetadataValidatorTests.test_validator_fails_when_hr_rows_are_duplicated) ... ok
test_validator_fails_when_traceability_row_is_missing (contract.test_requirements_metadata_validator.RequirementsMetadataValidatorTests.test_validator_fails_when_traceability_row_is_missing) ... ok
test_xp00_release_blocking_diagnostics_are_consistent (contract.test_requirements_metadata_validator.RequirementsMetadataValidatorTests.test_xp00_release_blocking_diagnostics_are_consistent) ... ok
test_xp00_requirement_baseline_has_metadata_trace_coverage_policy_and_telemetry (contract.test_requirements_metadata_validator.RequirementsMetadataValidatorTests.test_xp00_requirement_baseline_has_metadata_trace_coverage_policy_and_telemetry) ... ok
test_retention_policy_classifies_evidence_logs_projections_and_archived_reports (contract.test_retention_policy.RetentionPolicyTests.test_retention_policy_classifies_evidence_logs_projections_and_archived_reports) ... ok
test_retention_policy_records_all_required_fields (contract.test_retention_policy.RetentionPolicyTests.test_retention_policy_records_all_required_fields) ... ok
test_closeout_requires_current_review_bundle_when_bundle_exists_and_replays_basis (contract.test_review_bundle_staleness.ReviewBundleStalenessTests.test_closeout_requires_current_review_bundle_when_bundle_exists_and_replays_basis) ... ok
test_review_bundle_records_watermark_and_stale_bundle_blocks_closeout (contract.test_review_bundle_staleness.ReviewBundleStalenessTests.test_review_bundle_records_watermark_and_stale_bundle_blocks_closeout) ... ok
test_role_cards_define_actions_forbidden_decisions_and_evidence (contract.test_role_cards_skill_policy.RoleCardsSkillPolicyTests.test_role_cards_define_actions_forbidden_decisions_and_evidence) ... ok
test_skill_policy_can_tighten_but_not_bypass_core_invariants (contract.test_role_cards_skill_policy.RoleCardsSkillPolicyTests.test_skill_policy_can_tighten_but_not_bypass_core_invariants) ... ok
test_skill_policy_enforces_registered_role_card (contract.test_role_cards_skill_policy.RoleCardsSkillPolicyTests.test_skill_policy_enforces_registered_role_card) ... ok
test_role_routing_policy_is_provider_neutral_and_has_fallbacks (contract.test_role_routing_policy.RoleRoutingPolicyTests.test_role_routing_policy_is_provider_neutral_and_has_fallbacks) ... ok
test_developer_pack_contains_packet_files_rules_and_budget (contract.test_role_specific_context_pack.RoleSpecificContextPackTests.test_developer_pack_contains_packet_files_rules_and_budget) ... ok
test_docs_only_no_runtime_change_rule_allows_e2e_na (contract.test_rule_based_na_decision.RuleBasedNaDecisionTests.test_docs_only_no_runtime_change_rule_allows_e2e_na) ... ok
test_free_form_na_without_allowed_rule_is_rejected (contract.test_rule_based_na_decision.RuleBasedNaDecisionTests.test_free_form_na_without_allowed_rule_is_rejected) ... ok
test_na_decision_schema_requires_rule_basis_and_substitutes (contract.test_rule_based_na_decision.RuleBasedNaDecisionTests.test_na_decision_schema_requires_rule_basis_and_substitutes) ... ok
test_api_only_evidence_cannot_close_browser_workflow_claim (contract.test_runtime_evidence_profiles.RuntimeEvidenceProfileTests.test_api_only_evidence_cannot_close_browser_workflow_claim) ... ok
test_mock_only_evidence_cannot_close_high_risk_without_authorized_substitute (contract.test_runtime_evidence_profiles.RuntimeEvidenceProfileTests.test_mock_only_evidence_cannot_close_high_risk_without_authorized_substitute) ... ok
test_profile_catalog_lists_final_product_runtime_profiles (contract.test_runtime_evidence_profiles.RuntimeEvidenceProfileTests.test_profile_catalog_lists_final_product_runtime_profiles) ... ok
test_render_only_screenshot_cannot_close_functional_ui_claim (contract.test_runtime_evidence_profiles.RuntimeEvidenceProfileTests.test_render_only_screenshot_cannot_close_functional_ui_claim) ... ok
test_schema_only_db_evidence_cannot_close_runtime_persistence_claim (contract.test_runtime_evidence_profiles.RuntimeEvidenceProfileTests.test_schema_only_db_evidence_cannot_close_runtime_persistence_claim) ... ok
test_privacy_policy_flags_personal_data_without_retention_basis (contract.test_security_privacy_ip_policy.SecurityPrivacyIpPolicyTests.test_privacy_policy_flags_personal_data_without_retention_basis) ... ok
test_secret_like_evidence_snippets_are_redacted (contract.test_security_privacy_ip_policy.SecurityPrivacyIpPolicyTests.test_secret_like_evidence_snippets_are_redacted) ... ok
test_unclear_license_provenance_blocks_packet_closeout (contract.test_security_privacy_ip_policy.SecurityPrivacyIpPolicyTests.test_unclear_license_provenance_blocks_packet_closeout) ... ok
test_unclear_license_provenance_blocks_release_or_publication (contract.test_security_privacy_ip_policy.SecurityPrivacyIpPolicyTests.test_unclear_license_provenance_blocks_release_or_publication) ... ok
test_open_required_threat_model_mitigation_blocks_packet_closeout (contract.test_security_review_gate.SecurityReviewGateTests.test_open_required_threat_model_mitigation_blocks_packet_closeout) ... ok
test_security_review_gate_blocks_release_when_required_mitigations_are_open (contract.test_security_review_gate.SecurityReviewGateTests.test_security_review_gate_blocks_release_when_required_mitigations_are_open) ... ok
test_threat_model_records_assets_boundaries_assumptions_abuse_cases_and_mitigations (contract.test_security_review_gate.SecurityReviewGateTests.test_threat_model_records_assets_boundaries_assumptions_abuse_cases_and_mitigations) ... ok
test_no_security_trigger_records_na (contract.test_security_trigger_applicability.SecurityTriggerApplicabilityTests.test_no_security_trigger_records_na) ... ok
test_security_trigger_requires_security_review_gate (contract.test_security_trigger_applicability.SecurityTriggerApplicabilityTests.test_security_trigger_requires_security_review_gate) ... ok
test_friction_promotes_to_improvement_proposal_with_evidence_and_disposition (contract.test_self_improvement_lifecycle.SelfImprovementLifecycleTests.test_friction_promotes_to_improvement_proposal_with_evidence_and_disposition) ... ok
test_repeated_manual_work_can_be_promoted_to_eval_proposal_and_replayed (contract.test_self_improvement_lifecycle.SelfImprovementLifecycleTests.test_repeated_manual_work_can_be_promoted_to_eval_proposal_and_replayed) ... ok
test_classifies_editorial_clarification_and_semantic_changes (contract.test_semantic_diff.SemanticDiffTests.test_classifies_editorial_clarification_and_semantic_changes) ... ok
test_diff_report_preserves_source_ranges_when_supplied (contract.test_semantic_diff.SemanticDiffTests.test_diff_report_preserves_source_ranges_when_supplied) ... ok
test_review_required_for_governance_removed_and_ambiguous_changes (contract.test_semantic_diff.SemanticDiffTests.test_review_required_for_governance_removed_and_ambiguous_changes) ... ok
test_classifier_defaults_normal_evidence_to_internal (contract.test_sensitive_evidence_classification.SensitiveEvidenceClassificationTests.test_classifier_defaults_normal_evidence_to_internal) ... ok
test_classifier_marks_secret_content_non_promotable (contract.test_sensitive_evidence_classification.SensitiveEvidenceClassificationTests.test_classifier_marks_secret_content_non_promotable) ... ok
test_policy_defines_v02_evidence_classifications (contract.test_sensitive_evidence_classification.SensitiveEvidenceClassificationTests.test_policy_defines_v02_evidence_classifications) ... ok
test_registered_normal_evidence_records_internal_classification (contract.test_sensitive_evidence_classification.SensitiveEvidenceClassificationTests.test_registered_normal_evidence_records_internal_classification) ... ok
test_catalog_entries_have_permission_evidence_fallback_and_trace (contract.test_skill_catalog_contract.SkillCatalogContractTests.test_catalog_entries_have_permission_evidence_fallback_and_trace) ... ok
test_skill_facing_index_is_projection_only_and_non_authorizing (contract.test_skill_facing_index_is_projection_only.SkillFacingIndexProjectionOnlyTests.test_skill_facing_index_is_projection_only_and_non_authorizing) ... ok
test_skill_routes_never_bypass_p0_gates (contract.test_skill_route_preserves_p0_gate_boundary.SkillRoutePreservesP0GateBoundaryTests.test_skill_routes_never_bypass_p0_gates) ... ok
test_router_selects_cataloged_skill_and_requires_evidence (contract.test_skill_router_evidence_contract.SkillRouterEvidenceContractTests.test_router_selects_cataloged_skill_and_requires_evidence) ... ok
test_router_recognizes_every_minimum_required_skill_task_type (contract.test_skill_router_minimum_skills.SkillRouterMinimumSkillsTests.test_router_recognizes_every_minimum_required_skill_task_type) ... ok
test_extraction_diff_must_be_promoted_by_event (contract.test_ssot_extraction.SsotExtractionTests.test_extraction_diff_must_be_promoted_by_event) ... ok
test_markdown_requirements_extract_to_reviewable_registration_diff (contract.test_ssot_extraction.SsotExtractionTests.test_markdown_requirements_extract_to_reviewable_registration_diff) ... ok
test_registration_diff_lifecycle_records_review_decision (contract.test_ssot_extraction.SsotExtractionTests.test_registration_diff_lifecycle_records_review_decision) ... ok
test_registration_diff_transition_replays_and_audits_decision (contract.test_ssot_extraction.SsotExtractionTests.test_registration_diff_transition_replays_and_audits_decision) ... ok
test_cli_starter_check_root_scans_actual_filesystem (contract.test_starter_boundary.StarterBoundaryTests.test_cli_starter_check_root_scans_actual_filesystem) ... ok
test_contamination_check_rejects_development_artifacts (contract.test_starter_boundary.StarterBoundaryTests.test_contamination_check_rejects_development_artifacts) ... ok
test_contamination_check_scans_root_and_requires_starter_docs (contract.test_starter_boundary.StarterBoundaryTests.test_contamination_check_scans_root_and_requires_starter_docs) ... ok
test_starter_entry_documents_exist (contract.test_starter_boundary.StarterBoundaryTests.test_starter_entry_documents_exist) ... ok
test_starter_manifest_duplicate_path_does_not_append_untraced_event (contract.test_starter_boundary.StarterBoundaryTests.test_starter_manifest_duplicate_path_does_not_append_untraced_event) ... ok
test_starter_manifest_entry_is_event_backed (contract.test_starter_boundary.StarterBoundaryTests.test_starter_manifest_entry_is_event_backed) ... ok
test_candidate_requires_compound_evidence_link (contract.test_starter_promotion_candidate_registry.StarterPromotionCandidateRegistryTests.test_candidate_requires_compound_evidence_link) ... ok
test_registry_accepts_schema_conformant_candidate (contract.test_starter_promotion_candidate_schema_conformance.StarterPromotionCandidateSchemaConformanceTests.test_registry_accepts_schema_conformant_candidate) ... ok
test_schema_requires_evidence_linked_promotion_fields (contract.test_starter_promotion_candidate_schema_conformance.StarterPromotionCandidateSchemaConformanceTests.test_schema_requires_evidence_linked_promotion_fields) ... ok
test_backup_restore_preserves_event_order_projection_checksum_and_schema_metadata (contract.test_state_backup_restore.StateBackupRestoreTests.test_backup_restore_preserves_event_order_projection_checksum_and_schema_metadata) ... ok
test_restore_rejects_event_order_metadata_mismatch_without_partial_event_log (contract.test_state_backup_restore.StateBackupRestoreTests.test_restore_rejects_event_order_metadata_mismatch_without_partial_event_log) ... ok
test_restore_rejects_non_contiguous_event_sequence_without_partial_event_log (contract.test_state_backup_restore.StateBackupRestoreTests.test_restore_rejects_non_contiguous_event_sequence_without_partial_event_log) ... ok
test_restore_rejects_out_of_order_or_tampered_event_hash_without_partial_event_log (contract.test_state_backup_restore.StateBackupRestoreTests.test_restore_rejects_out_of_order_or_tampered_event_hash_without_partial_event_log) ... ok
test_restore_rejects_tampered_backup_without_partial_event_log (contract.test_state_backup_restore.StateBackupRestoreTests.test_restore_rejects_tampered_backup_without_partial_event_log) ... ok
test_restore_replay_failure_rolls_back_target_event_log (contract.test_state_backup_restore.StateBackupRestoreTests.test_restore_replay_failure_rolls_back_target_event_log) ... ok
test_append_event_assigns_sequence_state_version_and_payload_hash (contract.test_state_kernel.StateKernelTests.test_append_event_assigns_sequence_state_version_and_payload_hash) ... ok
test_harness_root_can_come_from_environment (contract.test_state_kernel.StateKernelTests.test_harness_root_can_come_from_environment) ... ok
test_idempotency_key_prevents_duplicate_state (contract.test_state_kernel.StateKernelTests.test_idempotency_key_prevents_duplicate_state) ... ok
test_init_creates_isolated_sqlite_store_and_schema_migration (contract.test_state_kernel.StateKernelTests.test_init_creates_isolated_sqlite_store_and_schema_migration) ... ok
test_packet_mutator_idempotency_does_not_create_untraced_materialized_state (contract.test_state_recovery_protocol.StateRecoveryProtocolTests.test_packet_mutator_idempotency_does_not_create_untraced_materialized_state) ... ok
test_packet_transition_idempotency_does_not_reapply_different_state (contract.test_state_recovery_protocol.StateRecoveryProtocolTests.test_packet_transition_idempotency_does_not_reapply_different_state) ... ok
test_public_packet_create_rolls_back_event_when_materialization_fails (contract.test_state_recovery_protocol.StateRecoveryProtocolTests.test_public_packet_create_rolls_back_event_when_materialization_fails) ... ok
test_recovery_blocks_unknown_event_types_with_diagnostics (contract.test_state_recovery_protocol.StateRecoveryProtocolTests.test_recovery_blocks_unknown_event_types_with_diagnostics) ... ok
test_recovery_detects_missing_materialized_rows_and_rebuilds (contract.test_state_recovery_protocol.StateRecoveryProtocolTests.test_recovery_detects_missing_materialized_rows_and_rebuilds) ... ok
test_stale_projection_blocks_closeout (contract.test_state_recovery_protocol.StateRecoveryProtocolTests.test_stale_projection_blocks_closeout) ... ok
test_compatibility_policy_rejects_unknown_major_schema (contract.test_state_replay_compatibility.StateReplayCompatibilityTests.test_compatibility_policy_rejects_unknown_major_schema) ... ok
test_rebuild_materialized_state_from_events (contract.test_state_replay_compatibility.StateReplayCompatibilityTests.test_rebuild_materialized_state_from_events) ... ok
test_replay_reports_unknown_event_types_without_silent_success (contract.test_state_replay_compatibility.StateReplayCompatibilityTests.test_replay_reports_unknown_event_types_without_silent_success) ... ok
test_hr200_report_contains_required_success_metrics (contract.test_success_metrics_hr200_required_fields.SuccessMetricsHr200RequiredFieldsTests.test_hr200_report_contains_required_success_metrics) ... ok
test_hr200_report_includes_source_watermark (contract.test_success_metrics_include_source_watermark.SuccessMetricsSourceWatermarkTests.test_hr200_report_includes_source_watermark) ... ok
test_success_metrics_report_contains_hr200_cost_and_friction_metrics (contract.test_success_metrics_report.SuccessMetricsReportTests.test_success_metrics_report_contains_hr200_cost_and_friction_metrics) ... ok
test_reporter_writes_hr200_release_evidence_artifact (contract.test_success_metrics_written_to_ops_metrics.SuccessMetricsWrittenToOpsMetricsTests.test_reporter_writes_hr200_release_evidence_artifact) ... ok
test_code_packet_without_test_plan_blocks_validation (contract.test_test_plan_first_gate.TestPlanFirstGateTests.test_code_packet_without_test_plan_blocks_validation) ... ok
test_test_plan_validator_accepts_required_v02_fields (contract.test_test_plan_first_gate.TestPlanFirstGateTests.test_test_plan_validator_accepts_required_v02_fields) ... ok
test_budget_validator_accepts_summary_first_pack (contract.test_token_context_budget_validator.TokenContextBudgetValidatorTests.test_budget_validator_accepts_summary_first_pack) ... ok
test_budget_validator_blocks_oversized_context_pack (contract.test_token_context_budget_validator.TokenContextBudgetValidatorTests.test_budget_validator_blocks_oversized_context_pack) ... ok
test_unknown_required_skill_is_blocked_with_specific_diagnostic (contract.test_unknown_skill_is_blocked.UnknownSkillBlockedTests.test_unknown_required_skill_is_blocked_with_specific_diagnostic) ... ok
test_create_packet_records_v02_metadata_and_replays_it (contract.test_v02_packet_schema.V02PacketSchemaTests.test_create_packet_records_v02_metadata_and_replays_it) ... ok
test_packet_schema_artifact_declares_v02_required_metadata (contract.test_v02_packet_schema.V02PacketSchemaTests.test_packet_schema_artifact_declares_v02_required_metadata) ... ok
test_v02_state_machine_rejects_legacy_lifecycle_state (contract.test_v02_packet_schema.V02PacketSchemaTests.test_v02_state_machine_rejects_legacy_lifecycle_state) ... ok
test_validate_packet_blocks_missing_gate_profile_version (contract.test_v02_packet_schema.V02PacketSchemaTests.test_validate_packet_blocks_missing_gate_profile_version) ... ok
test_v1_reference_is_trace_only_not_runtime_source (contract.test_v1_skill_reference_traceability.V1SkillReferenceTraceabilityTests.test_v1_reference_is_trace_only_not_runtime_source) ... ok
test_blocks_release_when_hr200_metrics_artifact_is_missing (contract.test_v21_conformance_blocks_missing_compound_metrics.V21ConformanceCompoundMetricsTests.test_blocks_release_when_hr200_metrics_artifact_is_missing) ... ok
test_blocks_release_when_full_regression_evidence_is_missing (contract.test_v21_conformance_blocks_missing_regression_evidence.V21ConformanceReleaseEvidenceTests.test_blocks_release_when_full_regression_evidence_is_missing) ... ok
test_blocks_release_when_validator_catalog_entry_is_missing (contract.test_v21_conformance_blocks_missing_validator_catalog_entries.V21ConformanceValidatorCatalogTests.test_blocks_release_when_validator_catalog_entry_is_missing) ... ok
test_blocks_release_when_required_hr_is_partial (contract.test_v21_conformance_blocks_partial_required_hr.V21ConformanceRequiredHrTests.test_blocks_release_when_required_hr_is_partial) ... ok
test_blocks_release_when_hr200_artifact_has_no_source_watermark (contract.test_v21_conformance_reads_generated_hr200_metrics_artifact.V21ConformanceHr200ArtifactTests.test_blocks_release_when_hr200_artifact_has_no_source_watermark) ... ok
test_development_scenario_covers_required_journey (contract.test_v21_development_scenario_documented.V21DevelopmentScenarioDocumentationTests.test_development_scenario_covers_required_journey) ... ok
test_v21_conformance_gate_passes_current_release_metadata (contract.test_v21_full_conformance_gate.V21FullConformanceGateTests.test_v21_conformance_gate_passes_current_release_metadata) ... ok
test_cli_exposes_v21_conformance_and_release_validation (contract.test_validate_release_runs_v21_conformance.ValidateReleaseRunsConformanceTests.test_cli_exposes_v21_conformance_and_release_validation) ... ok
test_validation_service_release_runs_v21_conformance (contract.test_validate_release_runs_v21_conformance.ValidateReleaseRunsConformanceTests.test_validation_service_release_runs_v21_conformance) ... ok
test_release_blocking_catalog_entries_have_importable_implementations (contract.test_validator_catalog_entries_have_importable_implementations.ValidatorCatalogImplementationTests.test_release_blocking_catalog_entries_have_importable_implementations) ... ok
test_release_blocking_catalog_entries_have_negative_tests (contract.test_validator_catalog_entries_have_negative_tests.ValidatorCatalogNegativeTests.test_release_blocking_catalog_entries_have_negative_tests) ... ok
test_validator_catalog_covers_hr190_and_hr191_gate_metadata (contract.test_validator_catalog_hr190_coverage.ValidatorCatalogHR190CoverageTests.test_validator_catalog_covers_hr190_and_hr191_gate_metadata) ... ok
test_central_non_waivable_gate_policy_blocks_even_when_caller_omits_list (contract.test_waiver_lifecycle.WaiverLifecycleTests.test_central_non_waivable_gate_policy_blocks_even_when_caller_omits_list) ... ok
test_expired_or_revoked_waivers_are_ignored_by_gate_evaluation (contract.test_waiver_lifecycle.WaiverLifecycleTests.test_expired_or_revoked_waivers_are_ignored_by_gate_evaluation) ... ok
test_non_waivable_gates_cannot_be_bypassed_by_profile_or_local_policy (contract.test_waiver_lifecycle.WaiverLifecycleTests.test_non_waivable_gates_cannot_be_bypassed_by_profile_or_local_policy) ... ok
test_waiver_records_approval_scope_expiration_revocation_control_and_gate_metadata (contract.test_waiver_lifecycle.WaiverLifecycleTests.test_waiver_records_approval_scope_expiration_revocation_control_and_gate_metadata) ... ok
test_validated_proposal_can_apply_to_wiki_page (contract.test_wiki_applier_requires_validated_proposal.WikiApplierRequiresValidatedProposalTests.test_validated_proposal_can_apply_to_wiki_page) ... ok
test_wiki_mutation_without_validated_proposal_fails (contract.test_wiki_applier_requires_validated_proposal.WikiApplierRequiresValidatedProposalTests.test_wiki_mutation_without_validated_proposal_fails) ... ok
test_index_builder_projects_authoritative_pages_and_stale_warnings (contract.test_wiki_index_contract.WikiIndexContractTests.test_index_builder_projects_authoritative_pages_and_stale_warnings) ... ok
test_wiki_page_schema_requires_authority_metadata (contract.test_wiki_page_schema.WikiPageSchemaTests.test_wiki_page_schema_requires_authority_metadata) ... ok
test_proposal_requires_evidence_link_closeout_and_non_sensitive_evidence (contract.test_wiki_proposal_validator.WikiProposalValidatorTests.test_proposal_requires_evidence_link_closeout_and_non_sensitive_evidence) ... ok
test_sensitive_evidence_cannot_be_promoted_to_wiki (contract.test_wiki_proposal_validator.WikiProposalValidatorTests.test_sensitive_evidence_cannot_be_promoted_to_wiki) ... ok
test_missing_evidence_blocks_provenance (contract.test_wiki_provenance_required.WikiProvenanceRequiredTests.test_missing_evidence_blocks_provenance) ... ok
test_provenance_requires_packet_evidence_and_source_tier (contract.test_wiki_provenance_required.WikiProvenanceRequiredTests.test_provenance_requires_packet_evidence_and_source_tier) ... ok
test_implementation_cannot_start_before_required_approval (contract.test_workflow_orchestration.WorkflowOrchestrationTests.test_implementation_cannot_start_before_required_approval) ... ok
test_cloud_failure_produces_structured_diagnostics (evals.test_cloud_failure_degrades_safely.CloudFailureDegradesSafelyEval.test_cloud_failure_produces_structured_diagnostics) ... ok
test_missing_cloud_service_degrades_to_manual_local_blocked_path (evals.test_cloud_failure_degrades_safely.CloudFailureDegradesSafelyEval.test_missing_cloud_service_degrades_to_manual_local_blocked_path) ... ok
test_completion_blocks_without_compound_metrics_and_starter_candidate (evals.test_compound_engineering_required_for_v1_completion.CompoundEngineeringRequiredForV1CompletionTests.test_completion_blocks_without_compound_metrics_and_starter_candidate) ... ok
test_rejects_direct_state_mutation_request (evals.test_malicious_adapter_output.MaliciousAdapterOutputTests.test_rejects_direct_state_mutation_request) ... ok
test_rejects_missing_evidence_provenance_and_malformed_event_request (evals.test_malicious_adapter_output.MaliciousAdapterOutputTests.test_rejects_missing_evidence_provenance_and_malformed_event_request) ... ok
test_rejects_mock_success_as_production_evidence (evals.test_malicious_adapter_output.MaliciousAdapterOutputTests.test_rejects_mock_success_as_production_evidence) ... ok
test_rejects_path_escape_outside_permission_roots (evals.test_malicious_adapter_output.MaliciousAdapterOutputTests.test_rejects_path_escape_outside_permission_roots) ... ok
test_manual_only_evidence_blocks_code_packet_closeout (evals.test_manual_only_evidence_cannot_closeout.ManualOnlyEvidenceCannotCloseoutEval.test_manual_only_evidence_blocks_code_packet_closeout) ... ok
test_missing_evidence_blocks_supported_claim_gate_pass_and_closeout (evals.test_missing_evidence_blocks_completion.MissingEvidenceBlocksCompletionEval.test_missing_evidence_blocks_supported_claim_gate_pass_and_closeout) ... ok
test_append_event_rejects_stale_expected_state_version (evals.test_mvp_integrity_hardening.MvpIntegrityHardeningTests.test_append_event_rejects_stale_expected_state_version) ... ok
test_closeout_blocks_when_any_acceptance_criterion_has_no_supported_claim (evals.test_mvp_integrity_hardening.MvpIntegrityHardeningTests.test_closeout_blocks_when_any_acceptance_criterion_has_no_supported_claim) ... ok
test_duplicate_packet_id_with_new_idempotency_key_is_rejected_without_event (evals.test_mvp_integrity_hardening.MvpIntegrityHardeningTests.test_duplicate_packet_id_with_new_idempotency_key_is_rejected_without_event) ... ok
test_gate_pass_rejects_evidence_not_linked_to_checked_claim (evals.test_mvp_integrity_hardening.MvpIntegrityHardeningTests.test_gate_pass_rejects_evidence_not_linked_to_checked_claim) ... ok
test_gate_pass_requires_linked_evidence_for_each_checked_claim (evals.test_mvp_integrity_hardening.MvpIntegrityHardeningTests.test_gate_pass_requires_linked_evidence_for_each_checked_claim) ... ok
test_readiness_blocks_when_packet_acceptance_ids_are_not_registered (evals.test_mvp_integrity_hardening.MvpIntegrityHardeningTests.test_readiness_blocks_when_packet_acceptance_ids_are_not_registered) ... ok
test_registry_rejects_unknown_and_cross_packet_references (evals.test_mvp_integrity_hardening.MvpIntegrityHardeningTests.test_registry_rejects_unknown_and_cross_packet_references) ... ok
test_boundary_violation_blocks_closeout_even_with_passing_gate (evals.test_product_packet_cannot_modify_harness.ProductPacketCannotModifyHarnessTests.test_boundary_violation_blocks_closeout_even_with_passing_gate) ... ok
test_boundary_violation_is_visible_in_packet_validation (evals.test_product_packet_cannot_modify_harness.ProductPacketCannotModifyHarnessTests.test_boundary_violation_is_visible_in_packet_validation) ... ok
test_blocks_release_when_repo_local_sqlite_state_exists (evals.test_release_hygiene_blocks_repo_local_sqlite.ReleaseHygieneTests.test_blocks_release_when_repo_local_sqlite_state_exists) ... ok
test_secret_evidence_registration_is_blocked_before_persistence (evals.test_secret_evidence_registration_blocked.SecretEvidenceRegistrationBlockedTests.test_secret_evidence_registration_is_blocked_before_persistence) ... ok
test_context_routing_rejects_stale_projection_and_untrusted_overrides (evals.test_stale_context_rejected.StaleContextRejectedTests.test_context_routing_rejects_stale_projection_and_untrusted_overrides) ... ok
test_fresh_context_rejects_untrusted_ssot_requirements_and_gate_overrides (evals.test_stale_context_rejected.StaleContextRejectedTests.test_fresh_context_rejects_untrusted_ssot_requirements_and_gate_overrides) ... ok
test_closeout_blocks_when_required_evidence_and_gate_are_missing (integration.test_closeout_flow.CloseoutFlowTests.test_closeout_blocks_when_required_evidence_and_gate_are_missing) ... ok
test_closeout_persists_record_and_closes_packet_when_supported (integration.test_closeout_flow.CloseoutFlowTests.test_closeout_persists_record_and_closes_packet_when_supported) ... ok
test_context_output_discloses_memory_entry_types (integration.test_dashboard_read_model.DashboardReadModelTests.test_context_output_discloses_memory_entry_types) ... ok
test_dashboard_exposes_lifecycle_approval_evidence_claim_gate_closeout_diagnostics_and_projection_freshness (integration.test_dashboard_read_model.DashboardReadModelTests.test_dashboard_exposes_lifecycle_approval_evidence_claim_gate_closeout_diagnostics_and_projection_freshness) ... ok
test_dashboard_stale_projection_warning_is_visible (integration.test_dashboard_read_model.DashboardReadModelTests.test_dashboard_stale_projection_warning_is_visible) ... ok
test_first_low_risk_packet_closes_through_cli_flow (integration.test_first_low_risk_packet_flow.FirstLowRiskPacketFlowTests.test_first_low_risk_packet_closes_through_cli_flow) ... ok
test_closeout_runs_packet_owned_drift_check_before_decision (integration.test_git_reconciliation_closeout_block.GitReconciliationCloseoutBlockTests.test_closeout_runs_packet_owned_drift_check_before_decision) ... ok
test_untracked_file_in_packet_owned_zone_blocks_closeout (integration.test_git_reconciliation_closeout_block.GitReconciliationCloseoutBlockTests.test_untracked_file_in_packet_owned_zone_blocks_closeout) ... ok
test_project_completion_all_reports_complete (integration.test_project_completion_cli.ProjectCompletionCliTests.test_project_completion_all_reports_complete) ... ok
test_project_completion_requirement_reports_blocked (integration.test_project_completion_cli.ProjectCompletionCliTests.test_project_completion_requirement_reports_blocked) ... ok
test_readme_exists_and_mentions_required_commands (integration.test_readme_commands.ReadmeCommandTests.test_readme_exists_and_mentions_required_commands) ... ok
test_readme_init_command_shape_works (integration.test_readme_commands.ReadmeCommandTests.test_readme_init_command_shape_works) ... ok
test_duplicate_impact_id_with_new_idempotency_key_is_rejected (integration.test_ssot_change_impact.SsotChangeImpactTests.test_duplicate_impact_id_with_new_idempotency_key_is_rejected) ... ok
test_failed_materialization_rolls_back_impact_event (integration.test_ssot_change_impact.SsotChangeImpactTests.test_failed_materialization_rolls_back_impact_event) ... ok
test_impact_record_is_idempotent_and_replays_and_audits (integration.test_ssot_change_impact.SsotChangeImpactTests.test_impact_record_is_idempotent_and_replays_and_audits) ... ok
test_non_semantic_change_can_be_recorded_without_human_review_requirement (integration.test_ssot_change_impact.SsotChangeImpactTests.test_non_semantic_change_can_be_recorded_without_human_review_requirement) ... ok
test_semantic_change_lists_impacted_packet_claim_evidence_gate_and_projection (integration.test_ssot_change_impact.SsotChangeImpactTests.test_semantic_change_lists_impacted_packet_claim_evidence_gate_and_projection) ... ok
test_validate_all_fails_with_missing_evidence_diagnostics (integration.test_validate_command.ValidateCommandTests.test_validate_all_fails_with_missing_evidence_diagnostics) ... ok
test_validate_all_passes_for_closed_low_risk_packet (integration.test_validate_command.ValidateCommandTests.test_validate_all_passes_for_closed_low_risk_packet) ... ok

----------------------------------------------------------------------
Ran 334 tests in 151.495s

OK
